2026-09-16 09:58:14.969: [INFO] CurrentProfilePath: C:\Users\91879\Desktop\My Own github\Java_Assignments\.metadata\.plugins\org.eclipse.swt\EBWebView\Default
2026-09-16 09:58:14.969: [INFO] Profiles total count: 1
2026-09-16 09:58:14.969: [INFO] Profile: name=Profile 1 path=C:\Users\91879\Desktop\My Own github\Java_Assignments\.metadata\.plugins\org.eclipse.swt\EBWebView\Default lastActive=null
2026-09-16 09:58:14.969: [INFO] LastUsedProfileDir: C:\Users\91879\Desktop\My Own github\Java_Assignments\.metadata\.plugins\org.eclipse.swt\EBWebView\Default
2026-09-16 09:58:14.969: [INFO] OnDoneLoading sync enabled: 0
2026-09-16 09:58:14.969: [INFO] BookmarkModelLoaded, ids_reassigned: 0
2026-09-16 09:58:14.969: [INFO] BookmarksLoadDropped droppedNodes=0
2026-09-16 09:58:14.969: [INFO] BookmarksSnapshot Startup total=0 bar=0 other=0 mobile=0 showBar=0 showBarNTP=1
2026-09-16 09:58:19.244: [INFO] BookmarksSnapshot Shutdown total=0 bar=0 other=0 mobile=0 showBar=0 showBarNTP=1
2026-09-16 10:06:26.492: [INFO] CurrentProfilePath: C:\Users\91879\Desktop\My Own github\Java_Assignments\.metadata\.plugins\org.eclipse.swt\EBWebView\Default
2026-09-16 10:06:26.492: [INFO] Profiles total count: 1
2026-09-16 10:06:26.492: [INFO] Profile: name=Profile 1 path=C:\Users\91879\Desktop\My Own github\Java_Assignments\.metadata\.plugins\org.eclipse.swt\EBWebView\Default lastActive=null
2026-09-16 10:06:26.492: [INFO] LastUsedProfileDir: C:\Users\91879\Desktop\My Own github\Java_Assignments\.metadata\.plugins\org.eclipse.swt\EBWebView\Default
2026-09-16 10:06:26.492: [INFO] OnDoneLoading sync enabled: 0
2026-09-16 10:06:26.492: [INFO] BookmarkModelLoaded, ids_reassigned: 0
2026-09-16 10:06:26.492: [INFO] BookmarksLoadDropped droppedNodes=0
2026-09-16 10:06:26.492: [INFO] BookmarksSnapshot Startup total=0 bar=0 other=0 mobile=0 showBar=0 showBarNTP=1
2026-09-16 10:06:36.807: [INFO] BookmarksSnapshot Shutdown total=0 bar=0 other=0 mobile=0 showBar=0 showBarNTP=1
2026-09-16 10:07:33.094: [INFO] CurrentProfilePath: C:\Users\91879\Desktop\My Own github\Java_Assignments\.metadata\.plugins\org.eclipse.swt\EBWebView\Default
2026-09-16 10:07:33.094: [INFO] Profiles total count: 1
2026-09-16 10:07:33.094: [INFO] Profile: name=Profile 1 path=C:\Users\91879\Desktop\My Own github\Java_Assignments\.metadata\.plugins\org.eclipse.swt\EBWebView\Default lastActive=null
2026-09-16 10:07:33.094: [INFO] LastUsedProfileDir: C:\Users\91879\Desktop\My Own github\Java_Assignments\.metadata\.plugins\org.eclipse.swt\EBWebView\Default
2026-09-16 10:07:33.094: [INFO] OnDoneLoading sync enabled: 0
2026-09-16 10:07:33.094: [INFO] BookmarkModelLoaded, ids_reassigned: 0
2026-09-16 10:07:33.094: [INFO] BookmarksLoadDropped droppedNodes=0
2026-09-16 10:07:33.094: [INFO] BookmarksSnapshot Startup total=0 bar=0 other=0 mobile=0 showBar=0 showBarNTP=1
2026-09-16 10:07:35.790: [INFO] BookmarksSnapshot Shutdown total=0 bar=0 other=0 mobile=0 showBar=0 showBarNTP=1
2026-09-16 10:07:36.982: [INFO] CurrentProfilePath: C:\Users\91879\Desktop\My Own github\Java_Assignments\.metadata\.plugins\org.eclipse.swt\EBWebView\Default
2026-09-16 10:07:36.983: [INFO] Profiles total count: 1
2026-09-16 10:07:36.983: [INFO] Profile: name=Profile 1 path=C:\Users\91879\Desktop\My Own github\Java_Assignments\.metadata\.plugins\org.eclipse.swt\EBWebView\Default lastActive=null
2026-09-16 10:07:36.983: [INFO] LastUsedProfileDir: C:\Users\91879\Desktop\My Own github\Java_Assignments\.metadata\.plugins\org.eclipse.swt\EBWebView\Default
2026-09-16 10:07:36.983: [INFO] OnDoneLoading sync enabled: 0
2026-09-16 10:07:36.983: [INFO] BookmarkModelLoaded, ids_reassigned: 0
2026-09-16 10:07:36.983: [INFO] BookmarksLoadDropped droppedNodes=0
2026-09-16 10:07:36.983: [INFO] BookmarksSnapshot Startup total=0 bar=0 other=0 mobile=0 showBar=0 showBarNTP=1
2026-09-16 10:07:42.350: [INFO] BookmarksSnapshot Shutdown total=0 bar=0 other=0 mobile=0 showBar=0 showBarNTP=1
2026-09-16 10:08:34.205: [INFO] CurrentProfilePath: C:\Users\91879\Desktop\My Own github\Java_Assignments\.metadata\.plugins\org.eclipse.swt\EBWebView\Default
2026-09-16 10:08:34.205: [INFO] Profiles total count: 1
2026-09-16 10:08:34.205: [INFO] Profile: name=Profile 1 path=C:\Users\91879\Desktop\My Own github\Java_Assignments\.metadata\.plugins\org.eclipse.swt\EBWebView\Default lastActive=null
2026-09-16 10:08:34.205: [INFO] LastUsedProfileDir: C:\Users\91879\Desktop\My Own github\Java_Assignments\.metadata\.plugins\org.eclipse.swt\EBWebView\Default
2026-09-16 10:08:34.205: [INFO] OnDoneLoading sync enabled: 0
2026-09-16 10:08:34.205: [INFO] BookmarkModelLoaded, ids_reassigned: 0
2026-09-16 10:08:34.205: [INFO] BookmarksLoadDropped droppedNodes=0
2026-09-16 10:08:34.205: [INFO] BookmarksSnapshot Startup total=0 bar=0 other=0 mobile=0 showBar=0 showBarNTP=1
2026-09-16 10:11:14.849: [INFO] BookmarksSnapshot Shutdown total=0 bar=0 other=0 mobile=0 showBar=0 showBarNTP=1
2026-09-16 10:12:43.588: [INFO] CurrentProfilePath: C:\Users\91879\Desktop\My Own github\Java_Assignments\.metadata\.plugins\org.eclipse.swt\EBWebView\Default
2026-09-16 10:12:43.588: [INFO] Profiles total count: 1
2026-09-16 10:12:43.588: [INFO] Profile: name=Profile 1 path=C:\Users\91879\Desktop\My Own github\Java_Assignments\.metadata\.plugins\org.eclipse.swt\EBWebView\Default lastActive=null
2026-09-16 10:12:43.588: [INFO] LastUsedProfileDir: C:\Users\91879\Desktop\My Own github\Java_Assignments\.metadata\.plugins\org.eclipse.swt\EBWebView\Default
2026-09-16 10:12:43.588: [INFO] OnDoneLoading sync enabled: 0
2026-09-16 10:12:43.588: [INFO] BookmarkModelLoaded, ids_reassigned: 0
2026-09-16 10:12:43.588: [INFO] BookmarksLoadDropped droppedNodes=0
2026-09-16 10:12:43.588: [INFO] BookmarksSnapshot Startup total=0 bar=0 other=0 mobile=0 showBar=0 showBarNTP=1
2026-09-16 12:55:15.671: [INFO] BookmarksSnapshot Shutdown total=0 bar=0 other=0 mobile=0 showBar=0 showBarNTP=1
2026-09-17 09:16:14.842: [INFO] CurrentProfilePath: C:\Users\91879\Desktop\My Own github\Java_Assignments\.metadata\.plugins\org.eclipse.swt\EBWebView\Default
2026-09-17 09:16:14.842: [INFO] Profiles total count: 1
2026-09-17 09:16:14.842: [INFO] Profile: name=Profile 1 path=C:\Users\91879\Desktop\My Own github\Java_Assignments\.metadata\.plugins\org.eclipse.swt\EBWebView\Default lastActive=null
2026-09-17 09:16:14.842: [INFO] LastUsedProfileDir: C:\Users\91879\Desktop\My Own github\Java_Assignments\.metadata\.plugins\org.eclipse.swt\EBWebView\Default
2026-09-17 09:16:14.842: [INFO] OnDoneLoading sync enabled: 0
2026-09-17 09:16:14.842: [INFO] BookmarkModelLoaded, ids_reassigned: 0
2026-09-17 09:16:14.842: [INFO] BookmarksLoadDropped droppedNodes=0
2026-09-17 09:16:14.842: [INFO] BookmarksSnapshot Startup total=0 bar=0 other=0 mobile=0 showBar=0 showBarNTP=1
2026-09-17 09:18:49.879: [INFO] BookmarksSnapshot Shutdown total=0 bar=0 other=0 mobile=0 showBar=0 showBarNTP=1
2026-09-17 09:24:45.161: [INFO] CurrentProfilePath: C:\Users\91879\Desktop\My Own github\Java_Assignments\.metadata\.plugins\org.eclipse.swt\EBWebView\Default
2026-09-17 09:24:45.161: [INFO] Profiles total count: 1
2026-09-17 09:24:45.161: [INFO] Profile: name=Profile 1 path=C:\Users\91879\Desktop\My Own github\Java_Assignments\.metadata\.plugins\org.eclipse.swt\EBWebView\Default lastActive=null
2026-09-17 09:24:45.161: [INFO] LastUsedProfileDir: C:\Users\91879\Desktop\My Own github\Java_Assignments\.metadata\.plugins\org.eclipse.swt\EBWebView\Default
2026-09-17 09:24:45.161: [INFO] OnDoneLoading sync enabled: 0
2026-09-17 09:24:45.161: [INFO] BookmarkModelLoaded, ids_reassigned: 0
2026-09-17 09:24:45.161: [INFO] BookmarksLoadDropped droppedNodes=0
2026-09-17 09:24:45.161: [INFO] BookmarksSnapshot Startup total=0 bar=0 other=0 mobile=0 showBar=0 showBarNTP=1
2026-09-17 09:24:48.690: [INFO] BookmarksSnapshot Shutdown total=0 bar=0 other=0 mobile=0 showBar=0 showBarNTP=1
2026-09-17 09:25:45.926: [INFO] CurrentProfilePath: C:\Users\91879\Desktop\My Own github\Java_Assignments\.metadata\.plugins\org.eclipse.swt\EBWebView\Default
2026-09-17 09:25:45.926: [INFO] Profiles total count: 1
2026-09-17 09:25:45.926: [INFO] Profile: name=Profile 1 path=C:\Users\91879\Desktop\My Own github\Java_Assignments\.metadata\.plugins\org.eclipse.swt\EBWebView\Default lastActive=null
2026-09-17 09:25:45.926: [INFO] LastUsedProfileDir: C:\Users\91879\Desktop\My Own github\Java_Assignments\.metadata\.plugins\org.eclipse.swt\EBWebView\Default
2026-09-17 09:25:45.926: [INFO] OnDoneLoading sync enabled: 0
2026-09-17 09:25:45.926: [INFO] BookmarkModelLoaded, ids_reassigned: 0
2026-09-17 09:25:45.926: [INFO] BookmarksLoadDropped droppedNodes=0
2026-09-17 09:25:45.926: [INFO] BookmarksSnapshot Startup total=0 bar=0 other=0 mobile=0 showBar=0 showBarNTP=1
2026-09-17 09:42:56.114: [INFO] BookmarksSnapshot Shutdown total=0 bar=0 other=0 mobile=0 showBar=0 showBarNTP=1
2026-09-17 09:42:56.552: [INFO] CurrentProfilePath: C:\Users\91879\Desktop\My Own github\Java_Assignments\.metadata\.plugins\org.eclipse.swt\EBWebView\Default
2026-09-17 09:42:56.552: [INFO] Profiles total count: 1
2026-09-17 09:42:56.552: [INFO] Profile: name=Profile 1 path=C:\Users\91879\Desktop\My Own github\Java_Assignments\.metadata\.plugins\org.eclipse.swt\EBWebView\Default lastActive=null
2026-09-17 09:42:56.552: [INFO] LastUsedProfileDir: C:\Users\91879\Desktop\My Own github\Java_Assignments\.metadata\.plugins\org.eclipse.swt\EBWebView\Default
2026-09-17 09:42:56.552: [INFO] OnDoneLoading sync enabled: 0
2026-09-17 09:42:56.552: [INFO] BookmarkModelLoaded, ids_reassigned: 0
2026-09-17 09:42:56.552: [INFO] BookmarksLoadDropped droppedNodes=0
2026-09-17 09:42:56.552: [INFO] BookmarksSnapshot Startup total=0 bar=0 other=0 mobile=0 showBar=0 showBarNTP=1
2026-09-17 10:16:33.571: [INFO] BookmarksSnapshot Shutdown total=0 bar=0 other=0 mobile=0 showBar=0 showBarNTP=1
2026-09-17 10:16:33.695: [INFO] CurrentProfilePath: C:\Users\91879\Desktop\My Own github\Java_Assignments\.metadata\.plugins\org.eclipse.swt\EBWebView\Default
2026-09-17 10:16:33.695: [INFO] Profiles total count: 1
2026-09-17 10:16:33.695: [INFO] Profile: name=Profile 1 path=C:\Users\91879\Desktop\My Own github\Java_Assignments\.metadata\.plugins\org.eclipse.swt\EBWebView\Default lastActive=null
2026-09-17 10:16:33.695: [INFO] LastUsedProfileDir: C:\Users\91879\Desktop\My Own github\Java_Assignments\.metadata\.plugins\org.eclipse.swt\EBWebView\Default
2026-09-17 10:16:33.695: [INFO] OnDoneLoading sync enabled: 0
2026-09-17 10:16:33.695: [INFO] BookmarkModelLoaded, ids_reassigned: 0
2026-09-17 10:16:33.695: [INFO] BookmarksLoadDropped droppedNodes=0
2026-09-17 10:16:33.695: [INFO] BookmarksSnapshot Startup total=0 bar=0 other=0 mobile=0 showBar=0 showBarNTP=1
2026-09-17 10:16:36.439: [INFO] BookmarksSnapshot Shutdown total=0 bar=0 other=0 mobile=0 showBar=0 showBarNTP=1
2026-09-17 10:25:57.480: [INFO] CurrentProfilePath: C:\Users\91879\Desktop\My Own github\Java_Assignments\.metadata\.plugins\org.eclipse.swt\EBWebView\Default
2026-09-17 10:25:57.480: [INFO] Profiles total count: 1
2026-09-17 10:25:57.480: [INFO] Profile: name=Profile 1 path=C:\Users\91879\Desktop\My Own github\Java_Assignments\.metadata\.plugins\org.eclipse.swt\EBWebView\Default lastActive=null
2026-09-17 10:25:57.480: [INFO] LastUsedProfileDir: C:\Users\91879\Desktop\My Own github\Java_Assignments\.metadata\.plugins\org.eclipse.swt\EBWebView\Default
2026-09-17 10:25:57.480: [INFO] OnDoneLoading sync enabled: 0
2026-09-17 10:25:57.480: [INFO] BookmarkModelLoaded, ids_reassigned: 0
2026-09-17 10:25:57.480: [INFO] BookmarksLoadDropped droppedNodes=0
2026-09-17 10:25:57.480: [INFO] BookmarksSnapshot Startup total=0 bar=0 other=0 mobile=0 showBar=0 showBarNTP=1
2026-09-17 12:08:01.957: [INFO] BookmarksSnapshot Shutdown total=0 bar=0 other=0 mobile=0 showBar=0 showBarNTP=1
2026-09-20 10:52:58.697: [INFO] CurrentProfilePath: C:\Users\91879\Desktop\My Own github\Java_Assignments\.metadata\.plugins\org.eclipse.swt\EBWebView\Default
2026-09-20 10:52:58.697: [INFO] Profiles total count: 1
2026-09-20 10:52:58.697: [INFO] Profile: name=Profile 1 path=C:\Users\91879\Desktop\My Own github\Java_Assignments\.metadata\.plugins\org.eclipse.swt\EBWebView\Default lastActive=null
2026-09-20 10:52:58.697: [INFO] LastUsedProfileDir: C:\Users\91879\Desktop\My Own github\Java_Assignments\.metadata\.plugins\org.eclipse.swt\EBWebView\Default
2026-09-20 10:52:58.697: [INFO] OnDoneLoading sync enabled: 0
2026-09-20 10:52:58.697: [INFO] BookmarkModelLoaded, ids_reassigned: 0
2026-09-20 10:52:58.697: [INFO] BookmarksLoadDropped droppedNodes=0
2026-09-20 10:52:58.698: [INFO] BookmarksSnapshot Startup total=0 bar=0 other=0 mobile=0 showBar=0 showBarNTP=1
2026-09-20 10:53:01.346: [INFO] BookmarksSnapshot Shutdown total=0 bar=0 other=0 mobile=0 showBar=0 showBarNTP=1
2026-09-20 10:57:43.570: [INFO] CurrentProfilePath: C:\Users\91879\Desktop\My Own github\Java_Assignments\.metadata\.plugins\org.eclipse.swt\EBWebView\Default
2026-09-20 10:57:43.570: [INFO] Profiles total count: 1
2026-09-20 10:57:43.570: [INFO] Profile: name=Profile 1 path=C:\Users\91879\Desktop\My Own github\Java_Assignments\.metadata\.plugins\org.eclipse.swt\EBWebView\Default lastActive=null
2026-09-20 10:57:43.570: [INFO] LastUsedProfileDir: C:\Users\91879\Desktop\My Own github\Java_Assignments\.metadata\.plugins\org.eclipse.swt\EBWebView\Default
2026-09-20 10:57:43.570: [INFO] OnDoneLoading sync enabled: 0
2026-09-20 10:57:43.570: [INFO] BookmarkModelLoaded, ids_reassigned: 0
2026-09-20 10:57:43.570: [INFO] BookmarksLoadDropped droppedNodes=0
2026-09-20 10:57:43.570: [INFO] BookmarksSnapshot Startup total=0 bar=0 other=0 mobile=0 showBar=0 showBarNTP=1
2026-09-20 10:57:46.776: [INFO] BookmarksSnapshot Shutdown total=0 bar=0 other=0 mobile=0 showBar=0 showBarNTP=1
2026-09-20 11:08:06.346: [INFO] CurrentProfilePath: C:\Users\91879\Desktop\My Own github\Java_Assignments\.metadata\.plugins\org.eclipse.swt\EBWebView\Default
2026-09-20 11:08:06.346: [INFO] Profiles total count: 1
2026-09-20 11:08:06.346: [INFO] Profile: name=Profile 1 path=C:\Users\91879\Desktop\My Own github\Java_Assignments\.metadata\.plugins\org.eclipse.swt\EBWebView\Default lastActive=null
2026-09-20 11:08:06.346: [INFO] LastUsedProfileDir: C:\Users\91879\Desktop\My Own github\Java_Assignments\.metadata\.plugins\org.eclipse.swt\EBWebView\Default
2026-09-20 11:08:06.346: [INFO] OnDoneLoading sync enabled: 0
2026-09-20 11:08:06.346: [INFO] BookmarkModelLoaded, ids_reassigned: 0
2026-09-20 11:08:06.346: [INFO] BookmarksLoadDropped droppedNodes=0
2026-09-20 11:08:06.347: [INFO] BookmarksSnapshot Startup total=0 bar=0 other=0 mobile=0 showBar=0 showBarNTP=1
2026-09-20 11:29:10.418: [INFO] BookmarksSnapshot Shutdown total=0 bar=0 other=0 mobile=0 showBar=0 showBarNTP=1
2026-09-20 11:29:25.512: [INFO] CurrentProfilePath: C:\Users\91879\Desktop\My Own github\Java_Assignments\.metadata\.plugins\org.eclipse.swt\EBWebView\Default
2026-09-20 11:29:25.512: [INFO] Profiles total count: 1
2026-09-20 11:29:25.512: [INFO] Profile: name=Profile 1 path=C:\Users\91879\Desktop\My Own github\Java_Assignments\.metadata\.plugins\org.eclipse.swt\EBWebView\Default lastActive=null
2026-09-20 11:29:25.512: [INFO] LastUsedProfileDir: C:\Users\91879\Desktop\My Own github\Java_Assignments\.metadata\.plugins\org.eclipse.swt\EBWebView\Default
2026-09-20 11:29:25.512: [INFO] OnDoneLoading sync enabled: 0
2026-09-20 11:29:25.512: [INFO] BookmarkModelLoaded, ids_reassigned: 0
2026-09-20 11:29:25.512: [INFO] BookmarksLoadDropped droppedNodes=0
2026-09-20 11:29:25.512: [INFO] BookmarksSnapshot Startup total=0 bar=0 other=0 mobile=0 showBar=0 showBarNTP=1
2026-09-20 12:23:02.723: [INFO] BookmarksSnapshot Shutdown total=0 bar=0 other=0 mobile=0 showBar=0 showBarNTP=1
